<?xml version="1.0" encoding="utf-8"?><testsuites><testsuite name="pytest" errors="0" failures="0" skipped="0" tests="1" time="0.019" timestamp="2024-03-05T19:11:36.207825" hostname="fv-az841-343"><testcase classname="test_file" name="test_case_0" time="0.001" /></testsuite></testsuites>